
> ask-trust-hub-care@0.1.0 typecheck
> npm run typecheck --workspaces --if-present


> @care/web@0.1.0 typecheck
> tsc --noEmit

src/components/privacy-analytics.tsx(3,27): error TS2307: Cannot find module '@vercel/analytics/next' or its corresponding type declarations.
src/components/privacy-analytics.tsx(8,20): error TS7006: Parameter 'event' implicitly has an 'any' type.
src/components/specialist-search/search-analytics.tsx(4,23): error TS2307: Cannot find module '@vercel/analytics' or its corresponding type declarations.
src/components/specialist-search/search-shell-analytics.tsx(4,23): error TS2307: Cannot find module '@vercel/analytics' or its corresponding type declarations.
src/lib/journey-analytics.ts(3,23): error TS2307: Cannot find module '@vercel/analytics' or its corresponding type declarations.
node.exe : npm error Lifecycle script `typecheck` failed with error:
At line:1 char:1
+ & "C:\Program Files\nodejs/node.exe" "C:\Program Files\nodejs/node_mo ...
+ ~~~~~~~~~~~~~~~~~~~~~~~~~~~~~~~~~~~~~~~~~~~~~~~~~~~~~~~~~~~~~~~~~~~~~
    + CategoryInfo          : NotSpecified: (npm error Lifec...led with error::String) [], RemoteException
    + FullyQualifiedErrorId : NativeCommandError

npm error code 2
npm error path C:\Users\makei\th-search-r1-011-base\apps\web
npm error workspace @care/web@0.1.0
npm error location C:\Users\makei\th-search-r1-011-base\apps\web
npm error command failed
npm error command C:\WINDOWS\system32\cmd.exe /d /s /c tsc --noEmit


> @care/domain@0.1.0 typecheck
> tsc --noEmit


> @care/ui@0.1.0 typecheck
> tsc --noEmit
