
> ask-trust-hub-care@0.1.0 check:th-search-r1-011
> npm exec --workspace=@care/web -- vitest run --configLoader runner src/server/care/r1-011-identity.test.tsx src/server/care/regulatory-repository.test.ts src/server/care/ownership-repository.test.ts


 RUN  v3.2.7 C:/Users/makei/th-search-r1-011-work/apps/web

 ✓ src/server/care/ownership-repository.test.ts (2 tests) 32ms
 ✓ src/server/care/regulatory-repository.test.ts (3 tests) 62ms
 ❯ src/server/care/r1-011-identity.test.tsx (56 tests | 5 failed) 154ms
   ✓ R1-011 baseline reproductions > unspecified ownership requires an identity before retrieval 3ms
   ✓ R1-011 baseline reproductions > Has this nursing home been fined? 3ms
   ✓ R1-011 baseline reproductions > Did this facility change owners? 1ms
   ✓ R1-011 baseline reproductions > CCN miss has a usable official action 31ms
   ✓ R1-011 baseline reproductions > Virginia assisted living navigates to state research 5ms
   ✓ R1-011 identity/evidence behavioral contract > Who owns that facility? 1ms
   ✓ R1-011 identity/evidence behavioral contract > Who operates this provider? 0ms
   ✓ R1-011 identity/evidence behavioral contract > Has that facility been fined? 1ms
   ✓ R1-011 identity/evidence behavioral contract > Did this nursing home change owners? 1ms
   ✓ R1-011 identity/evidence behavioral contract > Inspections for this facility 1ms
   ✓ R1-011 identity/evidence behavioral contract > Deficiencies for this nursing home 1ms
   ✓ R1-011 identity/evidence behavioral contract > unique exact source name attaches only that CCN 5ms
   ✓ R1-011 identity/evidence behavioral contract > ambiguous name has bounded selection and no evidence assignment 5ms
   ✓ R1-011 identity/evidence behavioral contract > selection resumes original ownership task with revalidated candidate 4ms
   ✓ R1-011 identity/evidence behavioral contract > tampered selection cannot attach unrelated evidence 1ms
   ✓ R1-011 identity/evidence behavioral contract > provider entry cannot replace explicitly named subject 1ms
   ✓ R1-011 identity/evidence behavioral contract > identity-required form retains question and resolves exact CCN 0ms
   ✓ R1-011 identity/evidence behavioral contract > source-backed relationships retain role and source without category-as-owner 0ms
   ✓ R1-011 identity/evidence behavioral contract > empty CHOW is corpus absence, not never changed owners 1ms
   ✓ R1-011 identity/evidence behavioral contract > CHOW keeps event timing separate from source clocks 0ms
   ✓ R1-011 identity/evidence behavioral contract > empty penalties is corpus absence, not never fined 0ms
   ✓ R1-011 identity/evidence behavioral contract > penalty source identity mismatch is unavailable, not evidence 0ms
   ✓ R1-011 identity/evidence behavioral contract > labeled positive remains exact; bare token remains safe 1ms
   ✓ R1-011 identity/evidence behavioral contract > exact miss never performs name retrieval 0ms
   ✓ R1-011 identity/evidence behavioral contract > absent source is unavailable, not a valid exact miss 0ms
   ✓ R1-011 identity/evidence behavioral contract > home_health does not inherit NH CHOW 0ms
   ✓ R1-011 identity/evidence behavioral contract > hospice does not inherit NH CHOW 0ms
   ✓ R1-011 identity/evidence behavioral contract > class choice retains Austin TX 11ms
   ✓ R1-011 identity/evidence behavioral contract > memory care cannot become NH via filter 0ms
   ✓ R1-011 identity/evidence behavioral contract > assisted living in New York 2ms
   ✓ R1-011 identity/evidence behavioral contract > assisted living in Arizona 3ms
   ✓ R1-011 identity/evidence behavioral contract > memory care in Florida 4ms
   ✓ R1-011 identity/evidence behavioral contract > official destination is exact HTTPS CMS allowlist, no guessed CCN parameter 2ms
   ✓ R1-011 identity/evidence behavioral contract > API and common boundary agree on requested CCN evidence 14ms
   ✓ R1-011 identity/evidence behavioral contract > structured missing identity cannot bypass guard 1ms
   ✓ R1-011 additional boundary regressions > a state word inside a provider name is not a location predicate 1ms
   ✓ R1-011 additional boundary regressions > same exact name in different states requires selection 1ms
   ✓ R1-011 additional boundary regressions > evidence source failure is not absence 1ms
   ✓ R1-011 additional boundary regressions > unlinked source deficiency remains evidence 0ms
   ✓ R1-011 additional boundary regressions > evidence override cannot silently replace the question 0ms
   ✓ R1-011 additional boundary regressions > profile-style exact context cannot be replaced with a selected candidate 0ms
   ✓ generic care waits for class then executes locality without a fake provider name 5ms
   ✓ multiple CCNs cannot select the first provider for ownership 0ms
   ✓ explicit mixed provider classes cannot acquire NH evidence 0ms
   ✓ an exact evidence answer cannot silently ignore a rating cohort filter 0ms
   ✓ published Illinois recovery keeps its own jurisdiction 2ms
   ✓ published New Jersey recovery keeps its own jurisdiction 2ms
   ✓ published California recovery keeps its own jurisdiction 4ms
   ✓ published Texas recovery keeps its own jurisdiction 3ms
   ✓ published Washington recovery keeps its own jurisdiction 3ms
   ✓ published Colorado recovery keeps its own jurisdiction 4ms
   × final provider-question boundary > Can you tell me who owns this nursing home? 11ms
     → expected undefined to be 'NEEDS_CLARIFICATION' // Object.is equality
   × final provider-question boundary > Please tell me who owns that facility 2ms
     → expected undefined to be 'NEEDS_CLARIFICATION' // Object.is equality
   × final provider-question boundary > I want to know whether this facility has been fined 1ms
     → expected undefined to be 'NEEDS_CLARIFICATION' // Object.is equality
   × final provider-question boundary > quoted name location words remain identity text 3ms
     → expected 'Harbor' to be 'Harbor in Texas Nursing Home' // Object.is equality
   × final provider-question boundary > polite explicit provider question keeps the source name 3ms
     → expected [ 'T00001', 'T00002', 'T00003', …(1) ] to deeply equal [ 'T00001' ]
node.exe :
At line:1 char:1
+ & "C:\Program Files\nodejs/node.exe" "C:\Program Files\nodejs/node_mo ...
+ ~~~~~~~~~~~~~~~~~~~~~~~~~~~~~~~~~~~~~~~~~~~~~~~~~~~~~~~~~~~~~~~~~~~~~
    + CategoryInfo          : NotSpecified: (:String) [], RemoteException
    + FullyQualifiedErrorId : NativeCommandError

⎯⎯⎯⎯⎯⎯⎯ Failed Tests 5 ⎯⎯⎯⎯⎯⎯⎯

 FAIL  src/server/care/r1-011-identity.test.tsx > final provider-question boundary > Can you tell me who owns this
nursing home?
 FAIL  src/server/care/r1-011-identity.test.tsx > final provider-question boundary > Please tell me who owns that
facility
 FAIL  src/server/care/r1-011-identity.test.tsx > final provider-question boundary > I want to know whether this
facility has been fined
AssertionError: expected undefined to be 'NEEDS_CLARIFICATION' // Object.is equality

- Expected:
"NEEDS_CLARIFICATION"

+ Received:
undefined

 ❯ src/server/care/r1-011-identity.test.tsx:446:248


⎯⎯⎯⎯⎯⎯⎯⎯⎯⎯⎯⎯⎯⎯⎯⎯⎯⎯⎯⎯⎯⎯⎯⎯[1/5]⎯

 FAIL  src/server/care/r1-011-identity.test.tsx > final provider-question boundary > quoted name location words remain
identity text
AssertionError: expected 'Harbor' to be 'Harbor in Texas Nursing Home' // Object.is equality

Expected: "Harbor in Texas Nursing Home"
Received: "Harbor"

 ❯ src/server/care/r1-011-identity.test.tsx:447:160


⎯⎯⎯⎯⎯⎯⎯⎯⎯⎯⎯⎯⎯⎯⎯⎯⎯⎯⎯⎯⎯⎯⎯⎯[2/5]⎯

 FAIL  src/server/care/r1-011-identity.test.tsx > final provider-question boundary > polite explicit provider question
keeps the source name
AssertionError: expected [ 'T00001', 'T00002', 'T00003', …(1) ] to deeply equal [ 'T00001' ]

- Expected
+ Received

  [
    "T00001",
+   "T00002",
+   "T00003",
+   "T00004",
  ]

 ❯ src/server/care/r1-011-identity.test.tsx:448:198


⎯⎯⎯⎯⎯⎯⎯⎯⎯⎯⎯⎯⎯⎯⎯⎯⎯⎯⎯⎯⎯⎯⎯⎯[3/5]⎯


 Test Files  1 failed | 2 passed (3)
      Tests  5 failed | 56 passed (61)
   Start at  12:46:08
   Duration  2.67s (transform 976ms, setup 651ms, collect 1.45s, tests 247ms, environment 1.68s, prepare 369ms)
