
> ask-trust-hub-care@0.1.0 check:th-search-r1-011
> npm exec --workspace=@care/web -- vitest run --configLoader runner src/server/care/r1-011-identity.test.tsx src/server/care/regulatory-repository.test.ts src/server/care/ownership-repository.test.ts


 RUN  v3.2.7 C:/Users/makei/th-search-r1-011-work/apps/web

 ✓ src/server/care/ownership-repository.test.ts (2 tests) 22ms
 ✓ src/server/care/regulatory-repository.test.ts (3 tests) 56ms
 ❯ src/server/care/r1-011-identity.test.tsx (56 tests | 31 failed) 185ms
   × R1-011 baseline reproductions > unspecified ownership requires an identity before retrieval 21ms
     → expected 'evidence' to be 'fail_closed' // Object.is equality
   ✓ R1-011 baseline reproductions > Has this nursing home been fined? 6ms
   ✓ R1-011 baseline reproductions > Did this facility change owners? 1ms
   ✓ R1-011 baseline reproductions > CCN miss has a usable official action 30ms
   ✓ R1-011 baseline reproductions > Virginia assisted living navigates to state research 7ms
   × R1-011 identity/evidence behavioral contract > Who owns that facility? 6ms
     → expected undefined to be 'NEEDS_CLARIFICATION' // Object.is equality
   × R1-011 identity/evidence behavioral contract > Who operates this provider? 2ms
     → expected undefined to be 'NEEDS_CLARIFICATION' // Object.is equality
   × R1-011 identity/evidence behavioral contract > Has that facility been fined? 2ms
     → expected undefined to be 'NEEDS_CLARIFICATION' // Object.is equality
   × R1-011 identity/evidence behavioral contract > Did this nursing home change owners? 3ms
     → expected undefined to be 'NEEDS_CLARIFICATION' // Object.is equality
   × R1-011 identity/evidence behavioral contract > Inspections for this facility 3ms
     → expected undefined to be 'NEEDS_CLARIFICATION' // Object.is equality
   × R1-011 identity/evidence behavioral contract > Deficiencies for this nursing home 2ms
     → expected undefined to be 'NEEDS_CLARIFICATION' // Object.is equality
   × R1-011 identity/evidence behavioral contract > unique exact source name attaches only that CCN 5ms
     → expected [ 'T00001', 'T00002', 'T00003', …(1) ] to deeply equal [ 'T00001' ]
   × R1-011 identity/evidence behavioral contract > ambiguous name has bounded selection and no evidence assignment 2ms
     → expected undefined to be true // Object.is equality
   × R1-011 identity/evidence behavioral contract > selection resumes original ownership task with revalidated candidate 3ms
     → expected '' to be 'Who owns Sunrise?' // Object.is equality
   ✓ R1-011 identity/evidence behavioral contract > tampered selection cannot attach unrelated evidence 1ms
   ✓ R1-011 identity/evidence behavioral contract > provider entry cannot replace explicitly named subject 1ms
   × R1-011 identity/evidence behavioral contract > identity-required form retains question and resolves exact CCN 1ms
     → expected undefined to be 'T00001' // Object.is equality
   × R1-011 identity/evidence behavioral contract > source-backed relationships retain role and source without category-as-owner 1ms
     → expected undefined to deeply equal [ 'CMS ownership category', …(2) ]
   × R1-011 identity/evidence behavioral contract > empty CHOW is corpus absence, not never changed owners 4ms
     → .toMatch() expects to receive a string, but got undefined
   × R1-011 identity/evidence behavioral contract > CHOW keeps event timing separate from source clocks 1ms
     → expected undefined to be '2020-06-01' // Object.is equality
   × R1-011 identity/evidence behavioral contract > empty penalties is corpus absence, not never fined 1ms
     → .toMatch() expects to receive a string, but got undefined
   × R1-011 identity/evidence behavioral contract > penalty source identity mismatch is unavailable, not evidence 1ms
     → expected undefined to be 'SOURCE_UNAVAILABLE' // Object.is equality
   ✓ R1-011 identity/evidence behavioral contract > labeled positive remains exact; bare token remains safe 1ms
   ✓ R1-011 identity/evidence behavioral contract > exact miss never performs name retrieval 1ms
   ✓ R1-011 identity/evidence behavioral contract > absent source is unavailable, not a valid exact miss 1ms
   × R1-011 identity/evidence behavioral contract > home_health does not inherit NH CHOW 1ms
     → expected undefined to be 'UNSUPPORTED' // Object.is equality
   × R1-011 identity/evidence behavioral contract > hospice does not inherit NH CHOW 1ms
     → expected undefined to be 'UNSUPPORTED' // Object.is equality
   ✓ R1-011 identity/evidence behavioral contract > class choice retains Austin TX 15ms
   ✓ R1-011 identity/evidence behavioral contract > memory care cannot become NH via filter 1ms
   ✓ R1-011 identity/evidence behavioral contract > assisted living in New York 5ms
   ✓ R1-011 identity/evidence behavioral contract > assisted living in Arizona 4ms
   ✓ R1-011 identity/evidence behavioral contract > memory care in Florida 4ms
   ✓ R1-011 identity/evidence behavioral contract > official destination is exact HTTPS CMS allowlist, no guessed CCN parameter 1ms
   ✓ R1-011 identity/evidence behavioral contract > API and common boundary agree on requested CCN evidence 12ms
   ✓ R1-011 identity/evidence behavioral contract > structured missing identity cannot bypass guard 0ms
   × R1-011 additional boundary regressions > a state word inside a provider name is not a location predicate 2ms
     → expected undefined to be 'Texas Nursing Center' // Object.is equality
   × R1-011 additional boundary regressions > same exact name in different states requires selection 1ms
     → expected undefined to be true // Object.is equality
   × R1-011 additional boundary regressions > evidence source failure is not absence 1ms
     → expected undefined to be 'SOURCE_UNAVAILABLE' // Object.is equality
   × R1-011 additional boundary regressions > unlinked source deficiency remains evidence 2ms
     → expected undefined to be 'Synthetic finding' // Object.is equality
   × R1-011 additional boundary regressions > evidence override cannot silently replace the question 2ms
     → expected 'identifier' to be 'fail_closed' // Object.is equality
   ✓ R1-011 additional boundary regressions > profile-style exact context cannot be replaced with a selected candidate 1ms
   ✓ generic care waits for class then executes locality without a fake provider name 4ms
   × multiple CCNs cannot select the first provider for ownership 1ms
     → expected undefined to be 'NEEDS_CLARIFICATION' // Object.is equality
   × explicit mixed provider classes cannot acquire NH evidence 1ms
     → expected undefined to be 'NEEDS_CLARIFICATION' // Object.is equality
   × an exact evidence answer cannot silently ignore a rating cohort filter 1ms
     → expected undefined to be 'NEEDS_CLARIFICATION' // Object.is equality
   ✓ published Illinois recovery keeps its own jurisdiction 3ms
   ✓ published New Jersey recovery keeps its own jurisdiction 2ms
   ✓ published California recovery keeps its own jurisdiction 2ms
   ✓ published Texas recovery keeps its own jurisdiction 2ms
   ✓ published Washington recovery keeps its own jurisdiction 2ms
   ✓ published Colorado recovery keeps its own jurisdiction 2ms
   × final provider-question boundary > Can you tell me who owns this nursing home? 1ms
     → expected undefined to be 'NEEDS_CLARIFICATION' // Object.is equality
   × final provider-question boundary > Please tell me who owns that facility 0ms
     → expected undefined to be 'NEEDS_CLARIFICATION' // Object.is equality
   × final provider-question boundary > I want to know whether this facility has been fined 0ms
     → expected undefined to be 'NEEDS_CLARIFICATION' // Object.is equality
   × final provider-question boundary > quoted name location words remain identity text 0ms
     → expected undefined to be 'Harbor in Texas Nursing Home' // Object.is equality
   × final provider-question boundary > polite explicit provider question keeps the source name 1ms
     → expected [ 'T00001', 'T00002', 'T00003', …(1) ] to deeply equal [ 'T00001' ]

 Test Files  1 failed | 2 passed (3)
      Tests  31 failed | 30 passed (61)
   Start at  12:54:36
   Duration  3.17s (transform 1.11s, setup 672ms, collect 1.54s, tests 264ms, environment 2.19s, prepare 620ms)


⎯⎯⎯⎯⎯⎯ Failed Tests 31 ⎯⎯⎯⎯⎯⎯⎯

 FAIL  src/server/care/r1-011-identity.test.tsx > R1-011 baseline reproductions > unspecified ownership requires an identity before retrieval
AssertionError: expected 'evidence' to be 'fail_closed' // Object.is equality

Expected: "fail_closed"
Received: "evidence"

 ❯ src/server/care/r1-011-identity.test.tsx:36:20
     34|   it("unspecified ownership requires an identity before retrieval", ()…
     35|     const q = interpretSeniorAskQuery("Who owns this nursing home?");
     36|     expect(q.mode).toBe("fail_closed");
       |                    ^
     37|     expect(q.terminalState).toBe("NEEDS_CLARIFICATION");
     38|   });

⎯⎯⎯⎯⎯⎯⎯⎯⎯⎯⎯⎯⎯⎯⎯⎯⎯⎯⎯⎯⎯⎯⎯[1/31]⎯

 FAIL  src/server/care/r1-011-identity.test.tsx > R1-011 identity/evidence behavioral contract > Who owns that facility?
 FAIL  src/server/care/r1-011-identity.test.tsx > R1-011 identity/evidence behavioral contract > Who operates this provider?
 FAIL  src/server/care/r1-011-identity.test.tsx > R1-011 identity/evidence behavioral contract > Has that facility been fined?
 FAIL  src/server/care/r1-011-identity.test.tsx > R1-011 identity/evidence behavioral contract > Did this nursing home change owners?
 FAIL  src/server/care/r1-011-identity.test.tsx > R1-011 identity/evidence behavioral contract > Inspections for this facility
 FAIL  src/server/care/r1-011-identity.test.tsx > R1-011 identity/evidence behavioral contract > Deficiencies for this nursing home
AssertionError: expected undefined to be 'NEEDS_CLARIFICATION' // Object.is equality

- Expected:
"NEEDS_CLARIFICATION"

+ Received:
undefined

 ❯ src/server/care/r1-011-identity.test.tsx:155:37
    153|     it(q, async () => {
    154|       const r = await executeSeniorResearchQuery(q);
    155|       expect(r.query.terminalState).toBe("NEEDS_CLARIFICATION");
       |                                     ^
    156|       expect(r.entities).toEqual([]);
    157|       expect(mocks.db).not.toHaveBeenCalled();

⎯⎯⎯⎯⎯⎯⎯⎯⎯⎯⎯⎯⎯⎯⎯⎯⎯⎯⎯⎯⎯⎯⎯[2/31]⎯

 FAIL  src/server/care/r1-011-identity.test.tsx > R1-011 identity/evidence behavioral contract > unique exact source name attaches only that CCN
AssertionError: expected [ 'T00001', 'T00002', 'T00003', …(1) ] to deeply equal [ 'T00001' ]

- Expected
+ Received

  [
    "T00001",
+   "T00002",
+   "T00003",
+   "T00004",
  ]

 ❯ src/server/care/r1-011-identity.test.tsx:163:42
    161|   it("unique exact source name attaches only that CCN", async () => {
    162|     const r = await executeSeniorResearchQuery("Who owns Harbor Nursin…
    163|     expect(r.entities.map((x) => x.ccn)).toEqual(["T00001"]);
       |                                          ^
    164|     expect(mocks.ownership).toHaveBeenCalledWith("T00001");
    165|     expect(r.facilityAnswer?.rows[0]?.label).toBe("CMS ownership categ…

⎯⎯⎯⎯⎯⎯⎯⎯⎯⎯⎯⎯⎯⎯⎯⎯⎯⎯⎯⎯⎯⎯⎯[3/31]⎯

 FAIL  src/server/care/r1-011-identity.test.tsx > R1-011 identity/evidence behavioral contract > ambiguous name has bounded selection and no evidence assignment
AssertionError: expected undefined to be true // Object.is equality

- Expected:
true

+ Received:
undefined

 ❯ src/server/care/r1-011-identity.test.tsx:170:34
    168|   it("ambiguous name has bounded selection and no evidence assignment"…
    169|     const r = await executeSeniorResearchQuery("Who owns Sunrise?");
    170|     expect(r.candidateSelection).toBe(true);
       |                                  ^
    171|     expect(r.entities).toHaveLength(3);
    172|     expect(r.entities.every((e) => e.evidence.length === 0 && e.select…

⎯⎯⎯⎯⎯⎯⎯⎯⎯⎯⎯⎯⎯⎯⎯⎯⎯⎯⎯⎯⎯⎯⎯[4/31]⎯

 FAIL  src/server/care/r1-011-identity.test.tsx > R1-011 identity/evidence behavioral contract > selection resumes original ownership task with revalidated candidate
AssertionError: expected '' to be 'Who owns Sunrise?' // Object.is equality

- Expected
+ Received

- Who owns Sunrise?

 ❯ src/server/care/r1-011-identity.test.tsx:180:24
    178|     const params = seniorRequestParams(new URL(href, "https://test.inv…
    179|     const r = await executeSeniorRequest(params);
    180|     expect(r.rawQuery).toBe("Who owns Sunrise?");
       |                        ^
    181|     expect(r.entities).toHaveLength(1);
    182|     expect(mocks.ownership).toHaveBeenCalledWith(first.entities[1]!.cc…

⎯⎯⎯⎯⎯⎯⎯⎯⎯⎯⎯⎯⎯⎯⎯⎯⎯⎯⎯⎯⎯⎯⎯[5/31]⎯

 FAIL  src/server/care/r1-011-identity.test.tsx > R1-011 identity/evidence behavioral contract > identity-required form retains question and resolves exact CCN
AssertionError: expected undefined to be 'T00001' // Object.is equality

- Expected:
"T00001"

+ Received:
undefined

 ❯ src/server/care/r1-011-identity.test.tsx:202:32
    200|     const r = await executeSeniorRequest({ q: "Who owns this nursing h…
    201|     expect(r.rawQuery).toBe("Who owns this nursing home?");
    202|     expect(r.entities[0]?.ccn).toBe("T00001");
       |                                ^
    203|     expect(mocks.ownership).toHaveBeenCalledWith("T00001");
    204|   });

⎯⎯⎯⎯⎯⎯⎯⎯⎯⎯⎯⎯⎯⎯⎯⎯⎯⎯⎯⎯⎯⎯⎯[6/31]⎯

 FAIL  src/server/care/r1-011-identity.test.tsx > R1-011 identity/evidence behavioral contract > source-backed relationships retain role and source without category-as-owner
AssertionError: expected undefined to deeply equal [ 'CMS ownership category', …(2) ]

- Expected:
[
  "CMS ownership category",
  "organization: Indirect ownership",
  "individual: Manager",
]

+ Received:
undefined

 ❯ src/server/care/r1-011-identity.test.tsx:226:56
    224|     });
    225|     const r = await executeSeniorResearchQuery("Who owns CMS CCN T0000…
    226|     expect(r.facilityAnswer?.rows.map((x) => x.label)).toEqual([
       |                                                        ^
    227|       "CMS ownership category",
    228|       "organization: Indirect ownership",

⎯⎯⎯⎯⎯⎯⎯⎯⎯⎯⎯⎯⎯⎯⎯⎯⎯⎯⎯⎯⎯⎯⎯[7/31]⎯

 FAIL  src/server/care/r1-011-identity.test.tsx > R1-011 identity/evidence behavioral contract > empty CHOW is corpus absence, not never changed owners
TypeError: .toMatch() expects to receive a string, but got undefined
 ❯ src/server/care/r1-011-identity.test.tsx:235:39
    233|   it("empty CHOW is corpus absence, not never changed owners", async (…
    234|     const r = await executeSeniorResearchQuery("Did CMS CCN T00001 cha…
    235|     expect(r.facilityAnswer?.summary).toMatch(/^No indexed CHOW event/…
       |                                       ^
    236|     expect(r.facilityAnswer?.summary).not.toMatch(/never/);
    237|   });

⎯⎯⎯⎯⎯⎯⎯⎯⎯⎯⎯⎯⎯⎯⎯⎯⎯⎯⎯⎯⎯⎯⎯[8/31]⎯

 FAIL  src/server/care/r1-011-identity.test.tsx > R1-011 identity/evidence behavioral contract > CHOW keeps event timing separate from source clocks
AssertionError: expected undefined to be '2020-06-01' // Object.is equality

- Expected:
"2020-06-01"

+ Received:
undefined

 ❯ src/server/care/r1-011-identity.test.tsx:252:45
    250|     });
    251|     const r = await executeSeniorResearchQuery("Did CMS CCN T00001 cha…
    252|     expect(r.facilityAnswer?.rows[0]?.date).toBe("2020-06-01");
       |                                             ^
    253|     expect(r.facilityAnswer?.rows[0]?.sourceAsOf).toBe("2025-01-01");
    254|   });

⎯⎯⎯⎯⎯⎯⎯⎯⎯⎯⎯⎯⎯⎯⎯⎯⎯⎯⎯⎯⎯⎯⎯[9/31]⎯

 FAIL  src/server/care/r1-011-identity.test.tsx > R1-011 identity/evidence behavioral contract > empty penalties is corpus absence, not never fined
TypeError: .toMatch() expects to receive a string, but got undefined
 ❯ src/server/care/r1-011-identity.test.tsx:257:39
    255|   it("empty penalties is corpus absence, not never fined", async () =>…
    256|     const r = await executeSeniorResearchQuery("Has CMS CCN T00001 bee…
    257|     expect(r.facilityAnswer?.summary).toMatch(/^No indexed penalty rec…
       |                                       ^
    258|     expect(mocks.regulatory).toHaveBeenCalledWith("T00001");
    259|   });

⎯⎯⎯⎯⎯⎯⎯⎯⎯⎯⎯⎯⎯⎯⎯⎯⎯⎯⎯⎯⎯⎯[10/31]⎯

 FAIL  src/server/care/r1-011-identity.test.tsx > R1-011 identity/evidence behavioral contract > penalty source identity mismatch is unavailable, not evidence
AssertionError: expected undefined to be 'SOURCE_UNAVAILABLE' // Object.is equality

- Expected:
"SOURCE_UNAVAILABLE"

+ Received:
undefined

 ❯ src/server/care/r1-011-identity.test.tsx:272:35
    270|     });
    271|     const r = await executeSeniorResearchQuery("Has CMS CCN T00001 bee…
    272|     expect(r.query.terminalState).toBe("SOURCE_UNAVAILABLE");
       |                                   ^
    273|     expect(r.entities).toEqual([]);
    274|   });

⎯⎯⎯⎯⎯⎯⎯⎯⎯⎯⎯⎯⎯⎯⎯⎯⎯⎯⎯⎯⎯⎯[11/31]⎯

 FAIL  src/server/care/r1-011-identity.test.tsx > R1-011 identity/evidence behavioral contract > home_health does not inherit NH CHOW
 FAIL  src/server/care/r1-011-identity.test.tsx > R1-011 identity/evidence behavioral contract > hospice does not inherit NH CHOW
AssertionError: expected undefined to be 'UNSUPPORTED' // Object.is equality

- Expected:
"UNSUPPORTED"

+ Received:
undefined

 ❯ src/server/care/r1-011-identity.test.tsx:304:40
    302|       ]);
    303|       const r = await executeSeniorRequest({ q: "Did CMS CCN H00001 ch…
    304|       expect(r.facilityAnswer?.status).toBe("UNSUPPORTED");
       |                                        ^
    305|       expect(mocks.ownership).not.toHaveBeenCalled();
    306|     });

⎯⎯⎯⎯⎯⎯⎯⎯⎯⎯⎯⎯⎯⎯⎯⎯⎯⎯⎯⎯⎯⎯[12/31]⎯

 FAIL  src/server/care/r1-011-identity.test.tsx > R1-011 additional boundary regressions > a state word inside a provider name is not a location predicate
AssertionError: expected undefined to be 'Texas Nursing Center' // Object.is equality

- Expected:
"Texas Nursing Center"

+ Received:
undefined

 ❯ src/server/care/r1-011-identity.test.tsx:358:29
    356|   it("a state word inside a provider name is not a location predicate"…
    357|     const q = interpretSeniorAskQuery("Who owns Texas Nursing Center?"…
    358|     expect(q.identityQuery).toBe("Texas Nursing Center");
       |                             ^
    359|     expect(q.geography).toBeUndefined();
    360|   });

⎯⎯⎯⎯⎯⎯⎯⎯⎯⎯⎯⎯⎯⎯⎯⎯⎯⎯⎯⎯⎯⎯[13/31]⎯

 FAIL  src/server/care/r1-011-identity.test.tsx > R1-011 additional boundary regressions > same exact name in different states requires selection
AssertionError: expected undefined to be true // Object.is equality

- Expected:
true

+ Received:
undefined

 ❯ src/server/care/r1-011-identity.test.tsx:363:34
    361|   it("same exact name in different states requires selection", async (…
    362|     const r = await executeSeniorResearchQuery("Who owns Sunrise Nursi…
    363|     expect(r.candidateSelection).toBe(true);
       |                                  ^
    364|     expect(mocks.ownership).not.toHaveBeenCalled();
    365|   });

⎯⎯⎯⎯⎯⎯⎯⎯⎯⎯⎯⎯⎯⎯⎯⎯⎯⎯⎯⎯⎯⎯[14/31]⎯

 FAIL  src/server/care/r1-011-identity.test.tsx > R1-011 additional boundary regressions > evidence source failure is not absence
AssertionError: expected undefined to be 'SOURCE_UNAVAILABLE' // Object.is equality

- Expected:
"SOURCE_UNAVAILABLE"

+ Received:
undefined

 ❯ src/server/care/r1-011-identity.test.tsx:369:35
    367|     mocks.ownership.mockRejectedValueOnce(new Error("fixture source fa…
    368|     const r = await executeSeniorResearchQuery("Who owns CMS CCN T0000…
    369|     expect(r.query.terminalState).toBe("SOURCE_UNAVAILABLE");
       |                                   ^
    370|     expect(r.facilityAnswer).toBeUndefined();
    371|   });

⎯⎯⎯⎯⎯⎯⎯⎯⎯⎯⎯⎯⎯⎯⎯⎯⎯⎯⎯⎯⎯⎯[15/31]⎯

 FAIL  src/server/care/r1-011-identity.test.tsx > R1-011 additional boundary regressions > unlinked source deficiency remains evidence
AssertionError: expected undefined to be 'Synthetic finding' // Object.is equality

- Expected:
"Synthetic finding"

+ Received:
undefined

 ❯ src/server/care/r1-011-identity.test.tsx:379:46
    377|     });
    378|     const r = await executeSeniorResearchQuery("Deficiencies for CMS C…
    379|     expect(r.facilityAnswer?.rows[0]?.value).toBe("Synthetic finding");
       |                                              ^
    380|   });
    381|   it("evidence override cannot silently replace the question", () => {

⎯⎯⎯⎯⎯⎯⎯⎯⎯⎯⎯⎯⎯⎯⎯⎯⎯⎯⎯⎯⎯⎯[16/31]⎯

 FAIL  src/server/care/r1-011-identity.test.tsx > R1-011 additional boundary regressions > evidence override cannot silently replace the question
AssertionError: expected 'identifier' to be 'fail_closed' // Object.is equality

Expected: "fail_closed"
Received: "identifier"

 ❯ src/server/care/r1-011-identity.test.tsx:387:20
    385|       evidence: "penalties",
    386|     }).query;
    387|     expect(q.mode).toBe("fail_closed");
       |                    ^
    388|   });
    389|   it("profile-style exact context cannot be replaced with a selected c…

⎯⎯⎯⎯⎯⎯⎯⎯⎯⎯⎯⎯⎯⎯⎯⎯⎯⎯⎯⎯⎯⎯[17/31]⎯

 FAIL  src/server/care/r1-011-identity.test.tsx > multiple CCNs cannot select the first provider for ownership
AssertionError: expected undefined to be 'NEEDS_CLARIFICATION' // Object.is equality

- Expected:
"NEEDS_CLARIFICATION"

+ Received:
undefined

 ❯ src/server/care/r1-011-identity.test.tsx:409:33
    407| it("multiple CCNs cannot select the first provider for ownership", asy…
    408|   const r = await executeSeniorResearchQuery("Who owns CCN T00001 and …
    409|   expect(r.query.terminalState).toBe("NEEDS_CLARIFICATION");
       |                                 ^
    410|   expect(mocks.db).not.toHaveBeenCalled();
    411| });

⎯⎯⎯⎯⎯⎯⎯⎯⎯⎯⎯⎯⎯⎯⎯⎯⎯⎯⎯⎯⎯⎯[18/31]⎯

 FAIL  src/server/care/r1-011-identity.test.tsx > explicit mixed provider classes cannot acquire NH evidence
AssertionError: expected undefined to be 'NEEDS_CLARIFICATION' // Object.is equality

- Expected:
"NEEDS_CLARIFICATION"

+ Received:
undefined

 ❯ src/server/care/r1-011-identity.test.tsx:414:33
    412| it("explicit mixed provider classes cannot acquire NH evidence", async…
    413|   const r = await executeSeniorResearchQuery("Ownership for nursing ho…
    414|   expect(r.query.terminalState).toBe("NEEDS_CLARIFICATION");
       |                                 ^
    415|   expect(mocks.ownership).not.toHaveBeenCalled();
    416| });

⎯⎯⎯⎯⎯⎯⎯⎯⎯⎯⎯⎯⎯⎯⎯⎯⎯⎯⎯⎯⎯⎯[19/31]⎯

 FAIL  src/server/care/r1-011-identity.test.tsx > an exact evidence answer cannot silently ignore a rating cohort filter
AssertionError: expected undefined to be 'NEEDS_CLARIFICATION' // Object.is equality

- Expected:
"NEEDS_CLARIFICATION"

+ Received:
undefined

 ❯ src/server/care/r1-011-identity.test.tsx:424:33
    422|     stars: "5_overall",
    423|   });
    424|   expect(r.query.terminalState).toBe("NEEDS_CLARIFICATION");
       |                                 ^
    425|   expect(mocks.ownership).not.toHaveBeenCalled();
    426| });

⎯⎯⎯⎯⎯⎯⎯⎯⎯⎯⎯⎯⎯⎯⎯⎯⎯⎯⎯⎯⎯⎯[20/31]⎯

 FAIL  src/server/care/r1-011-identity.test.tsx > final provider-question boundary > Can you tell me who owns this nursing home?
 FAIL  src/server/care/r1-011-identity.test.tsx > final provider-question boundary > Please tell me who owns that facility
 FAIL  src/server/care/r1-011-identity.test.tsx > final provider-question boundary > I want to know whether this facility has been fined
AssertionError: expected undefined to be 'NEEDS_CLARIFICATION' // Object.is equality

- Expected:
"NEEDS_CLARIFICATION"

+ Received:
undefined

 ❯ src/server/care/r1-011-identity.test.tsx:453:37
    451|     it(q, async () => {
    452|       const r = await executeSeniorResearchQuery(q);
    453|       expect(r.query.terminalState).toBe("NEEDS_CLARIFICATION");
       |                                     ^
    454|       expect(r.entities).toEqual([]);
    455|       expect(mocks.db).not.toHaveBeenCalled();

⎯⎯⎯⎯⎯⎯⎯⎯⎯⎯⎯⎯⎯⎯⎯⎯⎯⎯⎯⎯⎯⎯[21/31]⎯

 FAIL  src/server/care/r1-011-identity.test.tsx > final provider-question boundary > quoted name location words remain identity text
AssertionError: expected undefined to be 'Harbor in Texas Nursing Home' // Object.is equality

- Expected:
"Harbor in Texas Nursing Home"

+ Received:
undefined

 ❯ src/server/care/r1-011-identity.test.tsx:459:29
    457|   it("quoted name location words remain identity text", () => {
    458|     const q = interpretSeniorAskQuery('Who owns "Harbor in Texas Nursi…
    459|     expect(q.identityQuery).toBe("Harbor in Texas Nursing Home");
       |                             ^
    460|     expect(q.geography).toBeUndefined();
    461|   });

⎯⎯⎯⎯⎯⎯⎯⎯⎯⎯⎯⎯⎯⎯⎯⎯⎯⎯⎯⎯⎯⎯[22/31]⎯

 FAIL  src/server/care/r1-011-identity.test.tsx > final provider-question boundary > polite explicit provider question keeps the source name
AssertionError: expected [ 'T00001', 'T00002', 'T00003', …(1) ] to deeply equal [ 'T00001' ]

- Expected
+ Received

  [
    "T00001",
+   "T00002",
+   "T00003",
+   "T00004",
  ]

 ❯ src/server/care/r1-011-identity.test.tsx:464:42
    462|   it("polite explicit provider question keeps the source name", async …
    463|     const r = await executeSeniorResearchQuery("Can you tell me who ow…
    464|     expect(r.entities.map((e) => e.ccn)).toEqual(["T00001"]);
       |                                          ^
    465|     expect(mocks.ownership).toHaveBeenCalledWith("T00001");
    466|   });

⎯⎯⎯⎯⎯⎯⎯⎯⎯⎯⎯⎯⎯⎯⎯⎯⎯⎯⎯⎯⎯⎯[23/31]⎯
