
> ask-trust-hub-care@0.1.0 check:th-search-r1-011
> npm exec --workspace=@care/web -- vitest run --configLoader runner src/server/care/r1-011-identity.test.tsx src/server/care/regulatory-repository.test.ts src/server/care/ownership-repository.test.ts


 RUN  v3.2.7 C:/Users/makei/th-search-r1-011-work/apps/web

 ✓ src/server/care/ownership-repository.test.ts (2 tests) 29ms
 ✓ src/server/care/regulatory-repository.test.ts (3 tests) 87ms
 ❯ src/server/care/r1-011-identity.test.tsx (56 tests | 2 failed) 188ms
   ✓ R1-011 baseline reproductions > unspecified ownership requires an identity before retrieval 3ms
   ✓ R1-011 baseline reproductions > Has this nursing home been fined? 3ms
   ✓ R1-011 baseline reproductions > Did this facility change owners? 0ms
   ✓ R1-011 baseline reproductions > CCN miss has a usable official action 19ms
   ✓ R1-011 baseline reproductions > Virginia assisted living navigates to state research 6ms
   ✓ R1-011 identity/evidence behavioral contract > Who owns that facility? 1ms
   ✓ R1-011 identity/evidence behavioral contract > Who operates this provider? 1ms
   ✓ R1-011 identity/evidence behavioral contract > Has that facility been fined? 1ms
   ✓ R1-011 identity/evidence behavioral contract > Did this nursing home change owners? 1ms
   ✓ R1-011 identity/evidence behavioral contract > Inspections for this facility 2ms
   ✓ R1-011 identity/evidence behavioral contract > Deficiencies for this nursing home 1ms
   × R1-011 identity/evidence behavioral contract > unique exact source name attaches only that CCN 27ms
     → expected 'Owned by' to be 'CMS ownership category' // Object.is equality
   ✓ R1-011 identity/evidence behavioral contract > ambiguous name has bounded selection and no evidence assignment 8ms
   ✓ R1-011 identity/evidence behavioral contract > selection resumes original ownership task with revalidated candidate 9ms
   ✓ R1-011 identity/evidence behavioral contract > tampered selection cannot attach unrelated evidence 2ms
   ✓ R1-011 identity/evidence behavioral contract > provider entry cannot replace explicitly named subject 3ms
   ✓ R1-011 identity/evidence behavioral contract > identity-required form retains question and resolves exact CCN 2ms
   × R1-011 identity/evidence behavioral contract > source-backed relationships retain role and source without category-as-owner 11ms
     → expected [ 'Owned by', …(2) ] to deeply equal [ 'CMS ownership category', …(2) ]
   ✓ R1-011 identity/evidence behavioral contract > empty CHOW is corpus absence, not never changed owners 4ms
   ✓ R1-011 identity/evidence behavioral contract > CHOW keeps event timing separate from source clocks 1ms
   ✓ R1-011 identity/evidence behavioral contract > empty penalties is corpus absence, not never fined 1ms
   ✓ R1-011 identity/evidence behavioral contract > penalty source identity mismatch is unavailable, not evidence 1ms
   ✓ R1-011 identity/evidence behavioral contract > labeled positive remains exact; bare token remains safe 3ms
   ✓ R1-011 identity/evidence behavioral contract > exact miss never performs name retrieval 2ms
   ✓ R1-011 identity/evidence behavioral contract > absent source is unavailable, not a valid exact miss 2ms
   ✓ R1-011 identity/evidence behavioral contract > home_health does not inherit NH CHOW 1ms
   ✓ R1-011 identity/evidence behavioral contract > hospice does not inherit NH CHOW 1ms
   ✓ R1-011 identity/evidence behavioral contract > class choice retains Austin TX 30ms
   ✓ R1-011 identity/evidence behavioral contract > memory care cannot become NH via filter 1ms
   ✓ R1-011 identity/evidence behavioral contract > assisted living in New York 4ms
   ✓ R1-011 identity/evidence behavioral contract > assisted living in Arizona 4ms
   ✓ R1-011 identity/evidence behavioral contract > memory care in Florida 3ms
   ✓ R1-011 identity/evidence behavioral contract > official destination is exact HTTPS CMS allowlist, no guessed CCN parameter 1ms
   ✓ R1-011 identity/evidence behavioral contract > API and common boundary agree on requested CCN evidence 8ms
   ✓ R1-011 identity/evidence behavioral contract > structured missing identity cannot bypass guard 0ms
   ✓ R1-011 additional boundary regressions > a state word inside a provider name is not a location predicate 0ms
   ✓ R1-011 additional boundary regressions > same exact name in different states requires selection 1ms
   ✓ R1-011 additional boundary regressions > evidence source failure is not absence 1ms
   ✓ R1-011 additional boundary regressions > unlinked source deficiency remains evidence 0ms
   ✓ R1-011 additional boundary regressions > evidence override cannot silently replace the question 0ms
   ✓ R1-011 additional boundary regressions > profile-style exact context cannot be replaced with a selected candidate 0ms
   ✓ generic care waits for class then executes locality without a fake provider name 2ms
   ✓ multiple CCNs cannot select the first provider for ownership 0ms
   ✓ explicit mixed provider classes cannot acquire NH evidence 0ms
   ✓ an exact evidence answer cannot silently ignore a rating cohort filter 0ms
   ✓ published Illinois recovery keeps its own jurisdiction 2ms
   ✓ published New Jersey recovery keeps its own jurisdiction 2ms
   ✓ published California recovery keeps its own jurisdiction 3ms
   ✓ published Texas recovery keeps its own jurisdiction 2ms
   ✓ published Washington recovery keeps its own jurisdiction 2ms
   ✓ published Colorado recovery keeps its own jurisdiction 2ms
   ✓ final provider-question boundary > Can you tell me who owns this nursing home? 0ms
   ✓ final provider-question boundary > Please tell me who owns that facility 0ms
   ✓ final provider-question boundary > I want to know whether this facility has been fined 1ms
   ✓ final provider-question boundary > quoted name location words remain identity text 0ms
   ✓ final provider-question boundary > polite explicit provider question keeps the source name 0ms

 Test Files  1 failed | 2 passed (3)
      Tests  2 failed | 59 passed (61)
   Start at  12:54:42
   Duration  3.28s (transform 1.11s, setup 717ms, collect 1.64s, tests 305ms, environment 2.63s, prepare 618ms)


⎯⎯⎯⎯⎯⎯⎯ Failed Tests 2 ⎯⎯⎯⎯⎯⎯⎯

 FAIL  src/server/care/r1-011-identity.test.tsx > R1-011 identity/evidence behavioral contract > unique exact source name attaches only that CCN
AssertionError: expected 'Owned by' to be 'CMS ownership category' // Object.is equality

Expected: "CMS ownership category"
Received: "Owned by"

 ❯ src/server/care/r1-011-identity.test.tsx:165:46
    163|     expect(r.entities.map((x) => x.ccn)).toEqual(["T00001"]);
    164|     expect(mocks.ownership).toHaveBeenCalledWith("T00001");
    165|     expect(r.facilityAnswer?.rows[0]?.label).toBe("CMS ownership categ…
       |                                              ^
    166|     expect(r.facilityAnswer?.rows[0]?.value).toBe("For profit - Corpor…
    167|   });

⎯⎯⎯⎯⎯⎯⎯⎯⎯⎯⎯⎯⎯⎯⎯⎯⎯⎯⎯⎯⎯⎯⎯⎯[1/2]⎯

 FAIL  src/server/care/r1-011-identity.test.tsx > R1-011 identity/evidence behavioral contract > source-backed relationships retain role and source without category-as-owner
AssertionError: expected [ 'Owned by', …(2) ] to deeply equal [ 'CMS ownership category', …(2) ]

- Expected
+ Received

  [
-   "CMS ownership category",
+   "Owned by",
    "organization: Indirect ownership",
    "individual: Manager",
  ]

 ❯ src/server/care/r1-011-identity.test.tsx:226:56
    224|     });
    225|     const r = await executeSeniorResearchQuery("Who owns CMS CCN T0000…
    226|     expect(r.facilityAnswer?.rows.map((x) => x.label)).toEqual([
       |                                                        ^
    227|       "CMS ownership category",
    228|       "organization: Indirect ownership",

⎯⎯⎯⎯⎯⎯⎯⎯⎯⎯⎯⎯⎯⎯⎯⎯⎯⎯⎯⎯⎯⎯⎯⎯[2/2]⎯
