
 RUN  v3.2.7 C:/Users/makei/th-search-r1-007-work/apps/web

 ❯ src/server/care/r1-007-search.test.ts (28 tests | 1 failed) 96ms
   ✓ R1-007 recorded location integrity > does not convert home-health location research into a nursing-home evidence cohort 12ms
   × R1-007 recorded location integrity > renders actual typed values instead of reading the first character of rating prose 47ms
     → expected undefined to be '4/5' // Object.is equality
   ✓ R1-007 recorded location integrity > requires explicit jurisdiction for Boca Raton, then completes the selected plan 2ms
   ✓ R1-007 recorded location integrity > requires explicit jurisdiction for Miami, then completes the selected plan 1ms
   ✓ R1-007 recorded location integrity > does not mistake state words within a city for a conflicting jurisdiction 2ms
   ✓ R1-007 recorded location integrity > preserves star criteria in local counts and rejects missing source releases 2ms
   ✓ R1-007 recorded location integrity > preserves compound scope: Nursing homes in Austin Texas 1ms
   ✓ R1-007 recorded location integrity > preserves compound scope: Home health agencies in Houston Texas 1ms
   ✓ R1-007 recorded location integrity > preserves compound scope: Nursing homes in Tampa Florida 1ms
   ✓ R1-007 recorded location integrity > preserves compound scope: Nursing homes in Portland, OR 1ms
   ✓ R1-007 recorded location integrity > binds the requested city and state before SQL pagination 1ms
   ✓ R1-007 recorded location integrity > executes current compound predicates, excludes distractors: Nursing homes in Austin Texas 1ms
   ✓ R1-007 recorded location integrity > executes current compound predicates, excludes distractors: Home health agencies in Houston Texas 1ms
   ✓ R1-007 recorded location integrity > executes current compound predicates, excludes distractors: Nursing homes in Tampa Florida 1ms
   ✓ R1-007 recorded location integrity > executes current compound predicates, excludes distractors: Hospice providers in Houston Texas 1ms
   ✓ R1-007 recorded location integrity > counts the same current agency cohort and retains a sourced zero 1ms
   ✓ R1-007 recorded location integrity > does not lose city-only, multiple or unsupported proximity requirements 2ms
   ✓ R1-007 recorded location integrity > state selection resolves a city-only question; conflicting state cannot erase a city 1ms
   ✓ R1-007 recorded location integrity > explicit broader search retains state and records the user's change 1ms
   ✓ R1-007 recorded location integrity > rejects malformed full request before lookup: {"q":"Nursing homes in Austin Texas                                                                                                                                                                                     or Florida"} 0ms
   ✓ R1-007 recorded location integrity > rejects malformed full request before lookup: {"q":["Nursing homes in Austin Texas","Nursing homes in Florida"]} 0ms
   ✓ R1-007 recorded location integrity > rejects malformed full request before lookup: {"q":"Nursing homes in Texas","page":"1.5"} 0ms
   ✓ R1-007 recorded location integrity > rejects malformed full request before lookup: {"q":"Nursing homes in Texas","state":"ZZ"} 0ms
   ✓ R1-007 recorded location integrity > rejects malformed full request before lookup: {"q":"Nursing homes in Texas","stars":"banana"} 0ms
   ✓ R1-007 recorded location integrity > preserves a named provider containing location words as identity 1ms
   ✓ R1-007 recorded location integrity > shared API, native boundary and structured plan return the same cohort 13ms
   ✓ R1-007 recorded location integrity > source outage is unavailable, never a valid empty cohort 1ms
   ✓ R1-007 recorded location integrity > incompatible overrides preserve the request and clarify 1ms

 Test Files  1 failed (1)
      Tests  1 failed | 27 passed (28)
   Start at  22:39:43
   Duration  2.53s (transform 674ms, setup 324ms, collect 1.03s, tests 96ms, environment 732ms, prepare 98ms)


⎯⎯⎯⎯⎯⎯⎯ Failed Tests 1 ⎯⎯⎯⎯⎯⎯⎯

 FAIL  src/server/care/r1-007-search.test.ts > R1-007 recorded location integrity > renders actual typed values instead of reading the first character of rating prose
AssertionError: expected undefined to be '4/5' // Object.is equality

- Expected: 
"4/5"

+ Received: 
undefined

 ❯ src/server/care/r1-007-search.test.ts:166:76
    164|     const result = await executeSeniorResearchQuery("Nursing homes in …
    165|     const { container } = render(createElement(AskResultView, { result…
    166|     expect(container.querySelectorAll(".cms-stars small")[0]?.textCont…
       |                                                                            ^
    167|     expect(container.textContent).not.toContain("NaN/5");
    168|   });

⎯⎯⎯⎯⎯⎯⎯⎯⎯⎯⎯⎯⎯⎯⎯⎯⎯⎯⎯⎯⎯⎯⎯⎯[1/1]⎯

